This format string requires many arguments. 4 5 6 7 8.
